Archive member included to satisfy reference by file (symbol)

c:/program files (x86)/atmel/studio/7.0/toolchain/arm/arm-gnu-toolchain/bin/../lib/gcc/arm-none-eabi/6.3.1/../../../../arm-none-eabi/lib/thumb/v7e-m\libc.a(lib_a-exit.o)
                              c:/program files (x86)/atmel/studio/7.0/toolchain/arm/arm-gnu-toolchain/bin/../lib/gcc/arm-none-eabi/6.3.1/../../../../arm-none-eabi/lib/thumb/v7e-m/crt0.o (exit)
c:/program files (x86)/atmel/studio/7.0/toolchain/arm/arm-gnu-toolchain/bin/../lib/gcc/arm-none-eabi/6.3.1/../../../../arm-none-eabi/lib/thumb/v7e-m\libc.a(lib_a-impure.o)
                              c:/program files (x86)/atmel/studio/7.0/toolchain/arm/arm-gnu-toolchain/bin/../lib/gcc/arm-none-eabi/6.3.1/../../../../arm-none-eabi/lib/thumb/v7e-m\libc.a(lib_a-exit.o) (_global_impure_ptr)
c:/program files (x86)/atmel/studio/7.0/toolchain/arm/arm-gnu-toolchain/bin/../lib/gcc/arm-none-eabi/6.3.1/../../../../arm-none-eabi/lib/thumb/v7e-m\libc.a(lib_a-init.o)
                              c:/program files (x86)/atmel/studio/7.0/toolchain/arm/arm-gnu-toolchain/bin/../lib/gcc/arm-none-eabi/6.3.1/../../../../arm-none-eabi/lib/thumb/v7e-m/crt0.o (__libc_init_array)
c:/program files (x86)/atmel/studio/7.0/toolchain/arm/arm-gnu-toolchain/bin/../lib/gcc/arm-none-eabi/6.3.1/../../../../arm-none-eabi/lib/thumb/v7e-m\libc.a(lib_a-memset.o)
                              c:/program files (x86)/atmel/studio/7.0/toolchain/arm/arm-gnu-toolchain/bin/../lib/gcc/arm-none-eabi/6.3.1/../../../../arm-none-eabi/lib/thumb/v7e-m/crt0.o (memset)
c:/program files (x86)/atmel/studio/7.0/toolchain/arm/arm-gnu-toolchain/bin/../lib/gcc/arm-none-eabi/6.3.1/../../../../arm-none-eabi/lib/thumb/v7e-m\libc.a(lib_a-__call_atexit.o)
                              c:/program files (x86)/atmel/studio/7.0/toolchain/arm/arm-gnu-toolchain/bin/../lib/gcc/arm-none-eabi/6.3.1/../../../../arm-none-eabi/lib/thumb/v7e-m\libc.a(lib_a-exit.o) (__call_exitprocs)
c:/program files (x86)/atmel/studio/7.0/toolchain/arm/arm-gnu-toolchain/bin/../lib/gcc/arm-none-eabi/6.3.1/../../../../arm-none-eabi/lib/thumb/v7e-m\libc.a(lib_a-atexit.o)
                              c:/program files (x86)/atmel/studio/7.0/toolchain/arm/arm-gnu-toolchain/bin/../lib/gcc/arm-none-eabi/6.3.1/../../../../arm-none-eabi/lib/thumb/v7e-m\libc.a(lib_a-__call_atexit.o) (atexit)
c:/program files (x86)/atmel/studio/7.0/toolchain/arm/arm-gnu-toolchain/bin/../lib/gcc/arm-none-eabi/6.3.1/../../../../arm-none-eabi/lib/thumb/v7e-m\libc.a(lib_a-fini.o)
                              c:/program files (x86)/atmel/studio/7.0/toolchain/arm/arm-gnu-toolchain/bin/../lib/gcc/arm-none-eabi/6.3.1/../../../../arm-none-eabi/lib/thumb/v7e-m\libc.a(lib_a-__call_atexit.o) (__libc_fini_array)
c:/program files (x86)/atmel/studio/7.0/toolchain/arm/arm-gnu-toolchain/bin/../lib/gcc/arm-none-eabi/6.3.1/../../../../arm-none-eabi/lib/thumb/v7e-m\libc.a(lib_a-lock.o)
                              c:/program files (x86)/atmel/studio/7.0/toolchain/arm/arm-gnu-toolchain/bin/../lib/gcc/arm-none-eabi/6.3.1/../../../../arm-none-eabi/lib/thumb/v7e-m\libc.a(lib_a-__call_atexit.o) (__retarget_lock_acquire_recursive)
c:/program files (x86)/atmel/studio/7.0/toolchain/arm/arm-gnu-toolchain/bin/../lib/gcc/arm-none-eabi/6.3.1/../../../../arm-none-eabi/lib/thumb/v7e-m\libc.a(lib_a-__atexit.o)
                              c:/program files (x86)/atmel/studio/7.0/toolchain/arm/arm-gnu-toolchain/bin/../lib/gcc/arm-none-eabi/6.3.1/../../../../arm-none-eabi/lib/thumb/v7e-m\libc.a(lib_a-atexit.o) (__register_exitproc)

Allocating common symbols
Common symbol       size              file

__lock___atexit_recursive_mutex
                    0x1               c:/program files (x86)/atmel/studio/7.0/toolchain/arm/arm-gnu-toolchain/bin/../lib/gcc/arm-none-eabi/6.3.1/../../../../arm-none-eabi/lib/thumb/v7e-m\libc.a(lib_a-lock.o)
__lock___arc4random_mutex
                    0x1               c:/program files (x86)/atmel/studio/7.0/toolchain/arm/arm-gnu-toolchain/bin/../lib/gcc/arm-none-eabi/6.3.1/../../../../arm-none-eabi/lib/thumb/v7e-m\libc.a(lib_a-lock.o)
__lock___env_recursive_mutex
                    0x1               c:/program files (x86)/atmel/studio/7.0/toolchain/arm/arm-gnu-toolchain/bin/../lib/gcc/arm-none-eabi/6.3.1/../../../../arm-none-eabi/lib/thumb/v7e-m\libc.a(lib_a-lock.o)
__lock___sinit_recursive_mutex
                    0x1               c:/program files (x86)/atmel/studio/7.0/toolchain/arm/arm-gnu-toolchain/bin/../lib/gcc/arm-none-eabi/6.3.1/../../../../arm-none-eabi/lib/thumb/v7e-m\libc.a(lib_a-lock.o)
__lock___malloc_recursive_mutex
                    0x1               c:/program files (x86)/atmel/studio/7.0/toolchain/arm/arm-gnu-toolchain/bin/../lib/gcc/arm-none-eabi/6.3.1/../../../../arm-none-eabi/lib/thumb/v7e-m\libc.a(lib_a-lock.o)
__lock___at_quick_exit_mutex
[...]
Memory Configuration

Name             Origin             Length             Attributes
rom              0x00400000         0x00080000         xr
ram              0x20000000         0x00028000         xrw
*default*        0x00000000         0xffffffff

Linker script and memory map

LOAD c:/program files (x86)/atmel/studio/7.0/toolchain/arm/arm-gnu-toolchain/bin/../lib/gcc/arm-none-eabi/6.3.1/thumb/v7e-m/crti.o
LOAD c:/program files (x86)/atmel/studio/7.0/toolchain/arm/arm-gnu-toolchain/bin/../lib/gcc/arm-none-eabi/6.3.1/thumb/v7e-m/crtbegin.o
LOAD c:/program files (x86)/atmel/studio/7.0/toolchain/arm/arm-gnu-toolchain/bin/../lib/gcc/arm-none-eabi/6.3.1/../../../../arm-none-eabi/lib/thumb/v7e-m/crt0.o
LOAD src/ASF/common/services/delay/sam/cycle_counter.o
LOAD src/ASF/common/services/clock/samg/sysclk.o
LOAD src/ASF/common/utils/interrupt/interrupt_sam_nvic.o
LOAD src/ASF/sam/boards/samg55_xplained_pro/board_init.o
LOAD src/ASF/sam/drivers/efc/efc.o
LOAD src/ASF/sam/drivers/pmc/pmc.o
LOAD src/ASF/sam/drivers/pmc/sleep.o
LOAD src/ASF/sam/drivers/supc/supc.o
LOAD src/ASF/sam/utils/cmsis/samg/samg55/source/templates/gcc/startup_samg55.o
LOAD src/ASF/sam/utils/cmsis/samg/samg55/source/templates/system_samg55.o
LOAD src/ASF/sam/utils/syscalls/gcc/syscalls.o
LOAD src/main.o
START GROUP
LOAD ../src/ASF/thirdparty/CMSIS/Lib/GCC\libarm_cortexM4lf_math_softfp.a
LOAD c:/program files (x86)/atmel/studio/7.0/toolchain/arm/arm-gnu-toolchain/bin/../lib/gcc/arm-none-eabi/6.3.1/../../../../arm-none-eabi/lib/thumb/v7e-m\libm.a
END GROUP
START GROUP
LOAD c:/program files (x86)/atmel/studio/7.0/toolchain/arm/arm-gnu-toolchain/bin/../lib/gcc/arm-none-eabi/6.3.1/thumb/v7e-m\libgcc.a
LOAD c:/program files (x86)/atmel/studio/7.0/toolchain/arm/arm-gnu-toolchain/bin/../lib/gcc/arm-none-eabi/6.3.1/../../../../arm-none-eabi/lib/thumb/v7e-m\libc.a
END GROUP
LOAD c:/program files (x86)/atmel/studio/7.0/toolchain/arm/arm-gnu-toolchain/bin/../lib/gcc/arm-none-eabi/6.3.1/thumb/v7e-m/crtend.o
LOAD c:/program files (x86)/atmel/studio/7.0/toolchain/arm/arm-gnu-toolchain/bin/../lib/gcc/arm-none-eabi/6.3.1/thumb/v7e-m/crtn.o
                0x00003000                __stack_size__ = DEFINED (__stack_size__)?__stack_size__:0x3000
                0x20027ffc                __ram_end__ = ((ORIGIN (ram) + LENGTH (ram)) - 0x4)

.text           0x00400000      0x858
                0x00400000                . = ALIGN (0x4)
                0x00400000                _sfixed = .
 *(.vectors .vectors.*)
 .vectors       0x00400000      0x148 src/ASF/sam/utils/cmsis/samg/samg55/source/templates/gcc/startup_samg55.o
                0x00400000                exception_table
 *(.text .text.* .gnu.linkonce.t.*)
 .text          0x00400148       0x6c c:/program files (x86)/atmel/studio/7.0/toolchain/arm/arm-gnu-toolchain/bin/../lib/gcc/arm-none-eabi/6.3.1/thumb/v7e-m/crtbegin.o
 .text.sysclk_init
                0x004001b4       0xb0 src/ASF/common/services/clock/samg/sysclk.o
                0x004001b4                sysclk_init
 .text.system_board_init
                0x00400264       0x78 src/ASF/sam/boards/samg55_xplained_pro/board_init.o
                0x00400264                board_init
                0x00400264                system_board_init
 .text.pmc_switch_mck_to_pllack
                0x004002dc       0x64 src/ASF/sam/drivers/pmc/pmc.o
                0x004002dc                pmc_switch_mck_to_pllack
 .text.pmc_switch_sclk_to_32kxtal
                0x00400340       0x24 src/ASF/sam/drivers/pmc/pmc.o
                0x00400340                pmc_switch_sclk_to_32kxtal
 .text.pmc_osc_is_ready_32kxtal
                0x00400364       0x20 src/ASF/sam/drivers/pmc/pmc.o
                0x00400364                pmc_osc_is_ready_32kxtal
 .text.pmc_disable_pllack
                0x00400384        0xc src/ASF/sam/drivers/pmc/pmc.o
                0x00400384                pmc_disable_pllack
 .text.pmc_is_locked_pllack
                0x00400390       0x10 src/ASF/sam/drivers/pmc/pmc.o
                0x00400390                pmc_is_locked_pllack
 .text.pmc_enable_periph_clk
                0x004003a0       0x54 src/ASF/sam/drivers/pmc/pmc.o
                0x004003a0                pmc_enable_periph_clk
 .text.supc_set_regulator_trim_user
                0x004003f4       0x1a src/ASF/sam/drivers/supc/supc.o
                0x004003f4                supc_set_regulator_trim_user
 .text.Dummy_Handler
                0x0040040e        0x2 src/ASF/sam/utils/cmsis/samg/samg55/source/templates/gcc/startup_samg55.o
                0x0040040e                FLEXCOM1_Handler
                0x0040040e                DebugMon_Handler
                0x0040040e                HardFault_Handler
                0x0040040e                TC2_Handler
                0x0040040e                FLEXCOM4_Handler
                0x0040040e                SysTick_Handler
                0x0040040e                PendSV_Handler
                0x0040040e                NMI_Handler
                0x0040040e                ADC_Handler
                0x0040040e                CRCCU_Handler
                0x0040040e                RTT_Handler
                0x0040040e                FLEXCOM6_Handler
                0x0040040e                PIOB_Handler
                0x0040040e                RTC_Handler
                0x0040040e                UsageFault_Handler
                0x0040040e                FLEXCOM0_Handler
                0x0040040e                PDMIC1_Handler
                0x0040040e                WDT_Handler
                0x0040040e                TC4_Handler
                0x0040040e                TC1_Handler
                0x0040040e                TC3_Handler
                0x0040040e                ARM_Handler
                0x0040040e                Dummy_Handler
                0x0040040e                PIOA_Handler
                0x0040040e                MEM2MEM_Handler
                0x0040040e                PMC_Handler
                0x0040040e                PDMIC0_Handler
                0x0040040e                MemManage_Handler
                0x0040040e                SUPC_Handler
                0x0040040e                SVC_Handler
                0x0040040e                UHP_Handler
                0x0040040e                EFC_Handler
                0x0040040e                FLEXCOM7_Handler
                0x0040040e                I2SC0_Handler
                0x0040040e                I2SC1_Handler
                0x0040040e                FLEXCOM2_Handler
                0x0040040e                UDP_Handler
                0x0040040e                FLEXCOM3_Handler
                0x0040040e                BusFault_Handler
                0x0040040e                RSTC_Handler
                0x0040040e                TC0_Handler
                0x0040040e                FLEXCOM5_Handler
                0x0040040e                TC5_Handler
 .text.Reset_Handler
                0x00400410       0xdc src/ASF/sam/utils/cmsis/samg/samg55/source/templates/gcc/startup_samg55.o
                0x00400410                Reset_Handler
 .text.SystemCoreClockUpdate
                0x004004ec       0xe8 src/ASF/sam/utils/cmsis/samg/samg55/source/templates/system_samg55.o
                0x004004ec                SystemCoreClockUpdate
 .text.system_init_flash
                0x004005d4       0x74 src/ASF/sam/utils/cmsis/samg/samg55/source/templates/system_samg55.o
                0x004005d4                system_init_flash
 .text.main     0x00400648       0x78 src/main.o
                0x00400648                main
 .text.__libc_init_array
                0x004006c0       0x50 c:/program files (x86)/atmel/studio/7.0/toolchain/arm/arm-gnu-toolchain/bin/../lib/gcc/arm-none-eabi/6.3.1/../../../../arm-none-eabi/lib/thumb/v7e-m\libc.a(lib_a-init.o)
                0x004006c0                __libc_init_array
 .text.startup.register_fini
                0x00400710       0x14 c:/program files (x86)/atmel/studio/7.0/toolchain/arm/arm-gnu-toolchain/bin/../lib/gcc/arm-none-eabi/6.3.1/../../../../arm-none-eabi/lib/thumb/v7e-m\libc.a(lib_a-__call_atexit.o)
 .text.atexit   0x00400724        0xc c:/program files (x86)/atmel/studio/7.0/toolchain/arm/arm-gnu-toolchain/bin/../lib/gcc/arm-none-eabi/6.3.1/../../../../arm-none-eabi/lib/thumb/v7e-m\libc.a(lib_a-atexit.o)
                0x00400724                atexit
 .text.__libc_fini_array
                0x00400730       0x34 c:/program files (x86)/atmel/studio/7.0/toolchain/arm/arm-gnu-toolchain/bin/../lib/gcc/arm-none-eabi/6.3.1/../../../../arm-none-eabi/lib/thumb/v7e-m\libc.a(lib_a-fini.o)
                0x00400730                __libc_fini_array
 .text.__retarget_lock_acquire_recursive
                0x00400764        0x4 c:/program files (x86)/atmel/studio/7.0/toolchain/arm/arm-gnu-toolchain/bin/../lib/gcc/arm-none-eabi/6.3.1/../../../../arm-none-eabi/lib/thumb/v7e-m\libc.a(lib_a-lock.o)
                0x00400764                __retarget_lock_acquire_recursive
 .text.__retarget_lock_release_recursive
                0x00400768        0x4 c:/program files (x86)/atmel/studio/7.0/toolchain/arm/arm-gnu-toolchain/bin/../lib/gcc/arm-none-eabi/6.3.1/../../../../arm-none-eabi/lib/thumb/v7e-m\libc.a(lib_a-lock.o)
                0x00400768                __retarget_lock_release_recursive
 .text.__register_exitproc
                0x0040076c       0xc4 c:/program files (x86)/atmel/studio/7.0/toolchain/arm/arm-gnu-toolchain/bin/../lib/gcc/arm-none-eabi/6.3.1/../../../../arm-none-eabi/lib/thumb/v7e-m\libc.a(lib_a-__atexit.o)
                0x0040076c                __register_exitproc
 *(.glue_7t)
 .glue_7t       0x00400830        0x0 linker stubs
 *(.glue_7)
 .glue_7        0x00400830        0x0 linker stubs
 *(.rodata .rodata* .gnu.linkonce.r.*)
 .rodata._global_impure_ptr
                0x00400830        0x4 c:/program files (x86)/atmel/studio/7.0/toolchain/arm/arm-gnu-toolchain/bin/../lib/gcc/arm-none-eabi/6.3.1/../../../../arm-none-eabi/lib/thumb/v7e-m\libc.a(lib_a-impure.o)
                0x00400830                _global_impure_ptr
 *(.ARM.extab* .gnu.linkonce.armextab.*)
                0x00400834                . = ALIGN (0x4)
 *(.init)
 .init          0x00400834        0x4 c:/program files (x86)/atmel/studio/7.0/toolchain/arm/arm-gnu-toolchain/bin/../lib/gcc/arm-none-eabi/6.3.1/thumb/v7e-m/crti.o
                0x00400834                _init
 .init          0x00400838        0x8 c:/program files (x86)/atmel/studio/7.0/toolchain/arm/arm-gnu-toolchain/bin/../lib/gcc/arm-none-eabi/6.3.1/thumb/v7e-m/crtn.o
                0x00400840                . = ALIGN (0x4)
                0x00400840                __preinit_array_start = .
 *(.preinit_array)
                0x00400840                __preinit_array_end = .
                0x00400840                . = ALIGN (0x4)
                0x00400840                __init_array_start = .
 *(SORT(.init_array.*))
 .init_array.00000
                0x00400840        0x4 c:/program files (x86)/atmel/studio/7.0/toolchain/arm/arm-gnu-toolchain/bin/../lib/gcc/arm-none-eabi/6.3.1/../../../../arm-none-eabi/lib/thumb/v7e-m\libc.a(lib_a-__call_atexit.o)
 *(.init_array)
 .init_array    0x00400844        0x4 c:/program files (x86)/atmel/studio/7.0/toolchain/arm/arm-gnu-toolchain/bin/../lib/gcc/arm-none-eabi/6.3.1/thumb/v7e-m/crtbegin.o
                0x00400848                __init_array_end = .
                0x00400848                . = ALIGN (0x4)
 *crtbegin.o(.ctors)
 *(EXCLUDE_FILE(*crtend.o) .ctors)
 *(SORT(.ctors.*))
 *crtend.o(.ctors)
                0x00400848                . = ALIGN (0x4)
 *(.fini)
 .fini          0x00400848        0x4 c:/program files (x86)/atmel/studio/7.0/toolchain/arm/arm-gnu-toolchain/bin/../lib/gcc/arm-none-eabi/6.3.1/thumb/v7e-m/crti.o
                0x00400848                _fini
 .fini          0x0040084c        0x8 c:/program files (x86)/atmel/studio/7.0/toolchain/arm/arm-gnu-toolchain/bin/../lib/gcc/arm-none-eabi/6.3.1/thumb/v7e-m/crtn.o
                0x00400854                . = ALIGN (0x4)
                0x00400854                __fini_array_start = .
 *(.fini_array)
 .fini_array    0x00400854        0x4 c:/program files (x86)/atmel/studio/7.0/toolchain/arm/arm-gnu-toolchain/bin/../lib/gcc/arm-none-eabi/6.3.1/thumb/v7e-m/crtbegin.o
 *(SORT(.fini_array.*))
                0x00400858                __fini_array_end = .
 *crtbegin.o(.dtors)
 *(EXCLUDE_FILE(*crtend.o) .dtors)
 *(SORT(.dtors.*))
 *crtend.o(.dtors)
                0x00400858                . = ALIGN (0x4)
                0x00400858                _efixed = .
                [!provide]                PROVIDE (__exidx_start, .)

.vfp11_veneer   0x00400858        0x0
 .vfp11_veneer  0x00400858        0x0 linker stubs

.v4_bx          0x00400858        0x0
 .v4_bx         0x00400858        0x0 linker stubs

.iplt           0x00400858        0x0
 .iplt          0x00400858        0x0 c:/program files (x86)/atmel/studio/7.0/toolchain/arm/arm-gnu-toolchain/bin/../lib/gcc/arm-none-eabi/6.3.1/thumb/v7e-m/crtbegin.o

.eh_frame       0x00400858        0x0
 .eh_frame      0x00400858        0x0 c:/program files (x86)/atmel/studio/7.0/toolchain/arm/arm-gnu-toolchain/bin/../lib/gcc/arm-none-eabi/6.3.1/thumb/v7e-m/crtbegin.o

.rel.dyn        0x00400858        0x0
 .rel.iplt      0x00400858        0x0 c:/program files (x86)/atmel/studio/7.0/toolchain/arm/arm-gnu-toolchain/bin/../lib/gcc/arm-none-eabi/6.3.1/thumb/v7e-m/crtbegin.o

.jcr            0x00400858        0x0
 .jcr           0x00400858        0x0 c:/program files (x86)/atmel/studio/7.0/toolchain/arm/arm-gnu-toolchain/bin/../lib/gcc/arm-none-eabi/6.3.1/thumb/v7e-m/crtbegin.o

.igot.plt       0x00400858        0x0
 .igot.plt      0x00400858        0x0 c:/program files (x86)/atmel/studio/7.0/toolchain/arm/arm-gnu-toolchain/bin/../lib/gcc/arm-none-eabi/6.3.1/thumb/v7e-m/crtbegin.o

.ARM.exidx
 *(.ARM.exidx* .gnu.linkonce.armexidx.*)
                [!provide]                PROVIDE (__exidx_end, .)
                0x00400858                . = ALIGN (0x4)
                0x00400858                _etext = .

.relocate       0x20000000      0x4bc load address 0x00400858
                0x20000000                . = ALIGN (0x4)
                0x20000000                _srelocate = .
 *(.ramfunc .ramfunc.*)
 .ramfunc       0x20000000       0x88 src/ASF/sam/drivers/efc/efc.o
                0x20000000                efc_perform_read_sequence
                0x20000068                efc_write_fmr
                0x2000006c                efc_perform_fcr
 *(.data .data.*)
 .data.g_interrupt_enabled
                0x20000088        0x1 src/ASF/common/utils/interrupt/interrupt_sam_nvic.o
                0x20000088                g_interrupt_enabled
 *fill*         0x20000089        0x3 
 .data.SystemCoreClock
                0x2000008c        0x4 src/ASF/sam/utils/cmsis/samg/samg55/source/templates/system_samg55.o
                0x2000008c                SystemCoreClock
 .data.impure_data
                0x20000090      0x428 c:/program files (x86)/atmel/studio/7.0/toolchain/arm/arm-gnu-toolchain/bin/../lib/gcc/arm-none-eabi/6.3.1/../../../../arm-none-eabi/lib/thumb/v7e-m\libc.a(lib_a-impure.o)
 .data.__atexit_recursive_mutex
                0x200004b8        0x4 c:/program files (x86)/atmel/studio/7.0/toolchain/arm/arm-gnu-toolchain/bin/../lib/gcc/arm-none-eabi/6.3.1/../../../../arm-none-eabi/lib/thumb/v7e-m\libc.a(lib_a-__call_atexit.o)
                0x200004b8                __atexit_recursive_mutex
                0x200004bc                . = ALIGN (0x4)
                0x200004bc                _erelocate = .

.bss            0x200004bc       0x44 load address 0x00400d14
                0x200004bc                . = ALIGN (0x4)
                0x200004bc                _sbss = .
                0x200004bc                _szero = .
 *(.bss .bss.*)
 .bss           0x200004bc       0x1c c:/program files (x86)/atmel/studio/7.0/toolchain/arm/arm-gnu-toolchain/bin/../lib/gcc/arm-none-eabi/6.3.1/thumb/v7e-m/crtbegin.o
 .bss.pin_val.9032
                0x200004d8        0x1 src/main.o
 *(COMMON)
 *fill*         0x200004d9        0x3 
 COMMON         0x200004dc       0x21 c:/program files (x86)/atmel/studio/7.0/toolchain/arm/arm-gnu-toolchain/bin/../lib/gcc/arm-none-eabi/6.3.1/../../../../arm-none-eabi/lib/thumb/v7e-m\libc.a(lib_a-lock.o)
                0x200004dc                __lock___atexit_recursive_mutex
                0x200004e0                __lock___arc4random_mutex
                0x200004e4                __lock___env_recursive_mutex
                0x200004e8                __lock___sinit_recursive_mutex
                0x200004ec                __lock___malloc_recursive_mutex
                0x200004f0                __lock___at_quick_exit_mutex
                0x200004f4                __lock___dd_hash_mutex
                0x200004f8                __lock___tz_mutex
                0x200004fc                __lock___sfp_recursive_mutex
                0x20000500                . = ALIGN (0x4)
 *fill*         0x200004fd        0x3 
                0x20000500                _ebss = .
                0x20000500                _ezero = .

.stack          0x20000500     0x3000 load address 0x00400d58
                0x20000500                . = ALIGN (0x8)
                0x20000500                _sstack = .
                0x20003500                . = (. + __stack_size__)
 *fill*         0x20000500     0x3000 
                0x20003500                . = ALIGN (0x8)
                0x20003500                _estack = .
                0x20003500                . = ALIGN (0x4)
                0x20003500                _end = .
OUTPUT(SAMG55 Xplained Pro kit IOPORT service.elf elf32-littlearm)

.ARM.attributes
                0x00000000       0x2e
 .ARM.attributes
                0x00000000       0x1e c:/program files (x86)/atmel/studio/7.0/toolchain/arm/arm-gnu-toolchain/bin/../lib/gcc/arm-none-eabi/6.3.1/thumb/v7e-m/crti.o
 .ARM.attributes
                0x0000001e       0x2e c:/program files (x86)/atmel/studio/7.0/toolchain/arm/arm-gnu-toolchain/bin/../lib/gcc/arm-none-eabi/6.3.1/thumb/v7e-m/crtbegin.o
 .ARM.attributes
                0x0000004c       0x37 src/ASF/common/services/clock/samg/sysclk.o
 .ARM.attributes
                0x00000083       0x37 src/ASF/common/utils/interrupt/interrupt_sam_nvic.o
 .ARM.attributes
                0x000000ba       0x37 src/ASF/sam/boards/samg55_xplained_pro/board_init.o
 .ARM.attributes
                0x000000f1       0x37 src/ASF/sam/drivers/efc/efc.o
 .ARM.attributes
                0x00000128       0x37 src/ASF/sam/drivers/pmc/pmc.o
 .ARM.attributes
                0x0000015f       0x37 src/ASF/sam/drivers/supc/supc.o
 .ARM.attributes
                0x00000196       0x37 src/ASF/sam/utils/cmsis/samg/samg55/source/templates/gcc/startup_samg55.o
 .ARM.attributes
                0x000001cd       0x37 src/ASF/sam/utils/cmsis/samg/samg55/source/templates/system_samg55.o
 .ARM.attributes
                0x00000204       0x37 src/main.o
 .ARM.attributes
                0x0000023b       0x2e c:/program files (x86)/atmel/studio/7.0/toolchain/arm/arm-gnu-toolchain/bin/../lib/gcc/arm-none-eabi/6.3.1/../../../../arm-none-eabi/lib/thumb/v7e-m\libc.a(lib_a-impure.o)
 .ARM.attributes
                0x00000269       0x2e c:/program files (x86)/atmel/studio/7.0/toolchain/arm/arm-gnu-toolchain/bin/../lib/gcc/arm-none-eabi/6.3.1/../../../../arm-none-eabi/lib/thumb/v7e-m\libc.a(lib_a-init.o)
 .ARM.attributes
                0x00000297       0x2e c:/program files (x86)/atmel/studio/7.0/toolchain/arm/arm-gnu-toolchain/bin/../lib/gcc/arm-none-eabi/6.3.1/../../../../arm-none-eabi/lib/thumb/v7e-m\libc.a(lib_a-__call_atexit.o)
 .ARM.attributes
                0x000002c5       0x2e c:/program files (x86)/atmel/studio/7.0/toolchain/arm/arm-gnu-toolchain/bin/../lib/gcc/arm-none-eabi/6.3.1/../../../../arm-none-eabi/lib/thumb/v7e-m\libc.a(lib_a-atexit.o)
 .ARM.attributes
                0x000002f3       0x2e c:/program files (x86)/atmel/studio/7.0/toolchain/arm/arm-gnu-toolchain/bin/../lib/gcc/arm-none-eabi/6.3.1/../../../../arm-none-eabi/lib/thumb/v7e-m\libc.a(lib_a-fini.o)
 .ARM.attributes
                0x00000321       0x2e c:/program files (x86)/atmel/studio/7.0/toolchain/arm/arm-gnu-toolchain/bin/../lib/gcc/arm-none-eabi/6.3.1/../../../../arm-none-eabi/lib/thumb/v7e-m\libc.a(lib_a-lock.o)
 .ARM.attributes
                0x0000034f       0x2e c:/program files (x86)/atmel/studio/7.0/toolchain/arm/arm-gnu-toolchain/bin/../lib/gcc/arm-none-eabi/6.3.1/../../../../arm-none-eabi/lib/thumb/v7e-m\libc.a(lib_a-__atexit.o)
 .ARM.attributes
                0x0000037d       0x1e c:/program files (x86)/atmel/studio/7.0/toolchain/arm/arm-gnu-toolchain/bin/../lib/gcc/arm-none-eabi/6.3.1/thumb/v7e-m/crtn.o

.comment        0x00000000       0x59
 .comment       0x00000000       0x59 src/ASF/common/services/clock/samg/sysclk.o
                                 0x5a (size before relaxing)
 .comment       0x00000059       0x5a src/ASF/common/utils/interrupt/interrupt_sam_nvic.o
 .comment       0x00000059       0x5a src/ASF/sam/boards/samg55_xplained_pro/board_init.o
 .comment       0x00000059       0x5a src/ASF/sam/drivers/efc/efc.o
 .comment       0x00000059       0x5a src/ASF/sam/drivers/pmc/pmc.o
 .comment       0x00000059       0x5a src/ASF/sam/drivers/supc/supc.o
 .comment       0x00000059       0x5a src/ASF/sam/utils/cmsis/samg/samg55/source/templates/gcc/startup_samg55.o
 .comment       0x00000059       0x5a src/ASF/sam/utils/cmsis/samg/samg55/source/templates/system_samg55.o
 .comment       0x00000059       0x5a src/main.o

.debug_info     0x00000000     0x9a04
 .debug_info    0x00000000     0x1309 src/ASF/common/services/clock/samg/sysclk.o
 .debug_info    0x00001309      0xaff src/ASF/common/utils/interrupt/interrupt_sam_nvic.o
 .debug_info    0x00001e08     0x1513 src/ASF/sam/boards/samg55_xplained_pro/board_init.o
 .debug_info    0x0000331b     0x10c8 src/ASF/sam/drivers/efc/efc.o
 .debug_info    0x000043e3     0x1bb5 src/ASF/sam/drivers/pmc/pmc.o
 .debug_info    0x00005f98      0xe23 src/ASF/sam/drivers/supc/supc.o
 .debug_info    0x00006dbb     0x1382 src/ASF/sam/utils/cmsis/samg/samg55/source/templates/gcc/startup_samg55.o
 .debug_info    0x0000813d      0x53e src/ASF/sam/utils/cmsis/samg/samg55/source/templates/system_samg55.o
 .debug_info    0x0000867b     0x1389 src/main.o

.debug_abbrev   0x00000000     0x18a6
 .debug_abbrev  0x00000000      0x322 src/ASF/common/services/clock/samg/sysclk.o
 .debug_abbrev  0x00000322      0x221 src/ASF/common/utils/interrupt/interrupt_sam_nvic.o
 .debug_abbrev  0x00000543      0x2e4 src/ASF/sam/boards/samg55_xplained_pro/board_init.o
 .debug_abbrev  0x00000827      0x3b8 src/ASF/sam/drivers/efc/efc.o
 .debug_abbrev  0x00000bdf      0x35c src/ASF/sam/drivers/pmc/pmc.o
 .debug_abbrev  0x00000f3b      0x24e src/ASF/sam/drivers/supc/supc.o
 .debug_abbrev  0x00001189      0x2d5 src/ASF/sam/utils/cmsis/samg/samg55/source/templates/gcc/startup_samg55.o
 .debug_abbrev  0x0000145e      0x102 src/ASF/sam/utils/cmsis/samg/samg55/source/templates/system_samg55.o
 .debug_abbrev  0x00001560      0x346 src/main.o

.debug_loc      0x00000000     0x185e
 .debug_loc     0x00000000      0x184 src/ASF/common/services/clock/samg/sysclk.o
 .debug_loc     0x00000184      0x1b4 src/ASF/sam/boards/samg55_xplained_pro/board_init.o
 .debug_loc     0x00000338      0x5bf src/ASF/sam/drivers/efc/efc.o
 .debug_loc     0x000008f7      0xc7c src/ASF/sam/drivers/pmc/pmc.o
 .debug_loc     0x00001573      0x1a0 src/ASF/sam/drivers/supc/supc.o
 .debug_loc     0x00001713       0x77 src/ASF/sam/utils/cmsis/samg/samg55/source/templates/gcc/startup_samg55.o
 .debug_loc     0x0000178a       0xd4 src/main.o

.debug_aranges  0x00000000      0x458
 .debug_aranges
                0x00000000       0x30 src/ASF/common/services/clock/samg/sysclk.o
 .debug_aranges
                0x00000030       0x28 src/ASF/common/utils/interrupt/interrupt_sam_nvic.o
 .debug_aranges
                0x00000058       0x20 src/ASF/sam/boards/samg55_xplained_pro/board_init.o
 .debug_aranges
                0x00000078       0x90 src/ASF/sam/drivers/efc/efc.o
 .debug_aranges
                0x00000108      0x240 src/ASF/sam/drivers/pmc/pmc.o
 .debug_aranges
                0x00000348       0x98 src/ASF/sam/drivers/supc/supc.o
 .debug_aranges
                0x000003e0       0x28 src/ASF/sam/utils/cmsis/samg/samg55/source/templates/gcc/startup_samg55.o
 .debug_aranges
                0x00000408       0x30 src/ASF/sam/utils/cmsis/samg/samg55/source/templates/system_samg55.o
 .debug_aranges
                0x00000438       0x20 src/main.o

.debug_ranges   0x00000000      0x3f8
 .debug_ranges  0x00000000       0x20 src/ASF/common/services/clock/samg/sysclk.o
 .debug_ranges  0x00000020       0x18 src/ASF/common/utils/interrupt/interrupt_sam_nvic.o
 .debug_ranges  0x00000038       0x10 src/ASF/sam/boards/samg55_xplained_pro/board_init.o
 .debug_ranges  0x00000048       0x80 src/ASF/sam/drivers/efc/efc.o
 .debug_ranges  0x000000c8      0x230 src/ASF/sam/drivers/pmc/pmc.o
 .debug_ranges  0x000002f8       0x88 src/ASF/sam/drivers/supc/supc.o
 .debug_ranges  0x00000380       0x18 src/ASF/sam/utils/cmsis/samg/samg55/source/templates/gcc/startup_samg55.o
 .debug_ranges  0x00000398       0x20 src/ASF/sam/utils/cmsis/samg/samg55/source/templates/system_samg55.o
 .debug_ranges  0x000003b8       0x40 src/main.o

.debug_macro    0x00000000     0x4c0b
 .debug_macro   0x00000000      0x6b1 src/ASF/common/services/clock/samg/sysclk.o
 .debug_macro   0x000006b1       0x28 src/ASF/common/services/clock/samg/sysclk.o
 .debug_macro   0x000006d9      0x2d9 src/ASF/common/services/clock/samg/sysclk.o
 .debug_macro   0x000009b2       0x1c src/ASF/common/services/clock/samg/sysclk.o
 .debug_macro   0x000009ce      0x975 src/ASF/common/services/clock/samg/sysclk.o
 .debug_macro   0x00001343       0x76 src/ASF/common/services/clock/samg/sysclk.o
 .debug_macro   0x000013b9       0x64 src/ASF/common/services/clock/samg/sysclk.o
 .debug_macro   0x0000141d       0x40 src/ASF/common/services/clock/samg/sysclk.o
 .debug_macro   0x0000145d       0x90 src/ASF/common/services/clock/samg/sysclk.o
 .debug_macro   0x000014ed       0x9a src/ASF/common/services/clock/samg/sysclk.o
 .debug_macro   0x00001587      0x612 src/ASF/common/utils/interrupt/interrupt_sam_nvic.o
 .debug_macro   0x00001b99      0x6be src/ASF/sam/boards/samg55_xplained_pro/board_init.o
 .debug_macro   0x00002257      0x2df src/ASF/sam/boards/samg55_xplained_pro/board_init.o
 .debug_macro   0x00002536       0x82 src/ASF/sam/boards/samg55_xplained_pro/board_init.o
 .debug_macro   0x000025b8      0x63a src/ASF/sam/drivers/efc/efc.o
 .debug_macro   0x00002bf2       0x94 src/ASF/sam/drivers/efc/efc.o
 .debug_macro   0x00002c86      0x628 src/ASF/sam/drivers/pmc/pmc.o
 .debug_macro   0x000032ae       0x70 src/ASF/sam/drivers/pmc/pmc.o
 .debug_macro   0x0000331e      0x61d src/ASF/sam/drivers/supc/supc.o
 .debug_macro   0x0000393b      0x630 src/ASF/sam/utils/cmsis/samg/samg55/source/templates/gcc/startup_samg55.o
 .debug_macro   0x00003f6b       0x10 src/ASF/sam/utils/cmsis/samg/samg55/source/templates/gcc/startup_samg55.o
 .debug_macro   0x00003f7b      0x424 src/ASF/sam/utils/cmsis/samg/samg55/source/templates/system_samg55.o
 .debug_macro   0x0000439f       0x2d src/ASF/sam/utils/cmsis/samg/samg55/source/templates/system_samg55.o
 .debug_macro   0x000043cc      0x719 src/main.o
 .debug_macro   0x00004ae5       0x28 src/main.o
 .debug_macro   0x00004b0d       0x22 src/main.o
 .debug_macro   0x00004b2f       0x88 src/main.o
 .debug_macro   0x00004bb7       0x16 src/main.o
 .debug_macro   0x00004bcd       0x1c src/main.o
 .debug_macro   0x00004be9       0x22 src/main.o

.debug_line     0x00000000     0x6477
 .debug_line    0x00000000      0xb60 src/ASF/common/services/clock/samg/sysclk.o
 .debug_line    0x00000b60      0x9c5 src/ASF/common/utils/interrupt/interrupt_sam_nvic.o
 .debug_line    0x00001525      0xb55 src/ASF/sam/boards/samg55_xplained_pro/board_init.o
 .debug_line    0x0000207a      0xafe src/ASF/sam/drivers/efc/efc.o
 .debug_line    0x00002b78      0xfd8 src/ASF/sam/drivers/pmc/pmc.o
 .debug_line    0x00003b50      0xaaa src/ASF/sam/drivers/supc/supc.o
 .debug_line    0x000045fa      0xa3d src/ASF/sam/utils/cmsis/samg/samg55/source/templates/gcc/startup_samg55.o
 .debug_line    0x00005037      0x7b4 src/ASF/sam/utils/cmsis/samg/samg55/source/templates/system_samg55.o
 .debug_line    0x000057eb      0xc8c src/main.o

.debug_str      0x00000000    0x52b41
 .debug_str     0x00000000    0x50a29 src/ASF/common/services/clock/samg/sysclk.o
                              0x50e53 (size before relaxing)
 .debug_str     0x00050a29       0x94 src/ASF/common/utils/interrupt/interrupt_sam_nvic.o
                              0x4c810 (size before relaxing)
 .debug_str     0x00050abd      0x780 src/ASF/sam/boards/samg55_xplained_pro/board_init.o
                              0x50fb1 (size before relaxing)
 .debug_str     0x0005123d      0x303 src/ASF/sam/drivers/efc/efc.o
                              0x4ccf5 (size before relaxing)
 .debug_str     0x00051540      0x70d src/ASF/sam/drivers/pmc/pmc.o
                              0x4d380 (size before relaxing)
 .debug_str     0x00051c4d      0x1ff src/ASF/sam/drivers/supc/supc.o
                              0x4ca13 (size before relaxing)
 .debug_str     0x00051e4c      0x69f src/ASF/sam/utils/cmsis/samg/samg55/source/templates/gcc/startup_samg55.o
                              0x4cf23 (size before relaxing)
 .debug_str     0x000524eb      0x165 src/ASF/sam/utils/cmsis/samg/samg55/source/templates/system_samg55.o
                              0x3c2c8 (size before relaxing)
 .debug_str     0x00052650      0x4f1 src/main.o
                              0x51594 (size before relaxing)

.debug_frame    0x00000000      0xa18
 .debug_frame   0x00000000       0x64 src/ASF/common/services/clock/samg/sysclk.o
 .debug_frame   0x00000064       0x30 src/ASF/common/utils/interrupt/interrupt_sam_nvic.o
 .debug_frame   0x00000094       0x2c src/ASF/sam/boards/samg55_xplained_pro/board_init.o
 .debug_frame   0x000000c0      0x168 src/ASF/sam/drivers/efc/efc.o
 .debug_frame   0x00000228      0x480 src/ASF/sam/drivers/pmc/pmc.o
 .debug_frame   0x000006a8      0x110 src/ASF/sam/drivers/supc/supc.o
 .debug_frame   0x000007b8       0x38 src/ASF/sam/utils/cmsis/samg/samg55/source/templates/gcc/startup_samg55.o
 .debug_frame   0x000007f0       0x40 src/ASF/sam/utils/cmsis/samg/samg55/source/templates/system_samg55.o
 .debug_frame   0x00000830       0x28 src/main.o
 .debug_frame   0x00000858       0x2c c:/program files (x86)/atmel/studio/7.0/toolchain/arm/arm-gnu-toolchain/bin/../lib/gcc/arm-none-eabi/6.3.1/../../../../arm-none-eabi/lib/thumb/v7e-m\libc.a(lib_a-init.o)
 .debug_frame   0x00000884       0x5c c:/program files (x86)/atmel/studio/7.0/toolchain/arm/arm-gnu-toolchain/bin/../lib/gcc/arm-none-eabi/6.3.1/../../../../arm-none-eabi/lib/thumb/v7e-m\libc.a(lib_a-__call_atexit.o)
 .debug_frame   0x000008e0       0x20 c:/program files (x86)/atmel/studio/7.0/toolchain/arm/arm-gnu-toolchain/bin/../lib/gcc/arm-none-eabi/6.3.1/../../../../arm-none-eabi/lib/thumb/v7e-m\libc.a(lib_a-atexit.o)
 .debug_frame   0x00000900       0x34 c:/program files (x86)/atmel/studio/7.0/toolchain/arm/arm-gnu-toolchain/bin/../lib/gcc/arm-none-eabi/6.3.1/../../../../arm-none-eabi/lib/thumb/v7e-m\libc.a(lib_a-fini.o)
 .debug_frame   0x00000934       0xb0 c:/program files (x86)/atmel/studio/7.0/toolchain/arm/arm-gnu-toolchain/bin/../lib/gcc/arm-none-eabi/6.3.1/../../../../arm-none-eabi/lib/thumb/v7e-m\libc.a(lib_a-lock.o)
 .debug_frame   0x000009e4       0x34 c:/program files (x86)/atmel/studio/7.0/toolchain/arm/arm-gnu-toolchain/bin/../lib/gcc/arm-none-eabi/6.3.1/../../../../arm-none-eabi/lib/thumb/v7e-m\libc.a(lib_a-__atexit.o)

Cross Reference Table

Symbol                                            File
ADC_Handler                                       src/ASF/sam/utils/cmsis/samg/samg55/source/templates/gcc/startup_samg55.o
ARM_Handler                                       src/ASF/sam/utils/cmsis/samg/samg55/source/templates/gcc/startup_samg55.o
BusFault_Handler                                  src/ASF/sam/utils/cmsis/samg/samg55/source/templates/gcc/startup_samg55.o
CRCCU_Handler                                     src/ASF/sam/utils/cmsis/samg/samg55/source/templates/gcc/startup_samg55.o
DebugMon_Handler                                  src/ASF/sam/utils/cmsis/samg/samg55/source/templates/gcc/startup_samg55.o
Dummy_Handler                                     src/ASF/sam/utils/cmsis/samg/samg55/source/templates/gcc/startup_samg55.o
EFC_Handler                                       src/ASF/sam/utils/cmsis/samg/samg55/source/templates/gcc/startup_samg55.o
FLEXCOM0_Handler                                  src/ASF/sam/utils/cmsis/samg/samg55/source/templates/gcc/startup_samg55.o
FLEXCOM1_Handler                                  src/ASF/sam/utils/cmsis/samg/samg55/source/templates/gcc/startup_samg55.o
FLEXCOM2_Handler                                  src/ASF/sam/utils/cmsis/samg/samg55/source/templates/gcc/startup_samg55.o
FLEXCOM3_Handler                                  src/ASF/sam/utils/cmsis/samg/samg55/source/templates/gcc/startup_samg55.o
FLEXCOM4_Handler                                  src/ASF/sam/utils/cmsis/samg/samg55/source/templates/gcc/startup_samg55.o
FLEXCOM5_Handler                                  src/ASF/sam/utils/cmsis/samg/samg55/source/templates/gcc/startup_samg55.o
FLEXCOM6_Handler                                  src/ASF/sam/utils/cmsis/samg/samg55/source/templates/gcc/startup_samg55.o
FLEXCOM7_Handler                                  src/ASF/sam/utils/cmsis/samg/samg55/source/templates/gcc/startup_samg55.o
HardFault_Handler                                 src/ASF/sam/utils/cmsis/samg/samg55/source/templates/gcc/startup_samg55.o
I2SC0_Handler                                     src/ASF/sam/utils/cmsis/samg/samg55/source/templates/gcc/startup_samg55.o
I2SC1_Handler                                     src/ASF/sam/utils/cmsis/samg/samg55/source/templates/gcc/startup_samg55.o
MEM2MEM_Handler                                   src/ASF/sam/utils/cmsis/samg/samg55/source/templates/gcc/startup_samg55.o
MemManage_Handler                                 src/ASF/sam/utils/cmsis/samg/samg55/source/templates/gcc/startup_samg55.o
NMI_Handler                                       src/ASF/sam/utils/cmsis/samg/samg55/source/templates/gcc/startup_samg55.o
PDMIC0_Handler                                    src/ASF/sam/utils/cmsis/samg/samg55/source/templates/gcc/startup_samg55.o
PDMIC1_Handler                                    src/ASF/sam/utils/cmsis/samg/samg55/source/templates/gcc/startup_samg55.o
PIOA_Handler                                      src/ASF/sam/utils/cmsis/samg/samg55/source/templates/gcc/startup_samg55.o
PIOB_Handler                                      src/ASF/sam/utils/cmsis/samg/samg55/source/templates/gcc/startup_samg55.o
PMC_Handler                                       src/ASF/sam/utils/cmsis/samg/samg55/source/templates/gcc/startup_samg55.o
PendSV_Handler                                    src/ASF/sam/utils/cmsis/samg/samg55/source/templates/gcc/startup_samg55.o
RSTC_Handler                                      src/ASF/sam/utils/cmsis/samg/samg55/source/templates/gcc/startup_samg55.o
RTC_Handler                                       src/ASF/sam/utils/cmsis/samg/samg55/source/templates/gcc/startup_samg55.o
RTT_Handler                                       src/ASF/sam/utils/cmsis/samg/samg55/source/templates/gcc/startup_samg55.o
Reset_Handler                                     src/ASF/sam/utils/cmsis/samg/samg55/source/templates/gcc/startup_samg55.o
SUPC_Handler                                      src/ASF/sam/utils/cmsis/samg/samg55/source/templates/gcc/startup_samg55.o
SVC_Handler                                       src/ASF/sam/utils/cmsis/samg/samg55/source/templates/gcc/startup_samg55.o
SysTick_Handler                                   src/ASF/sam/utils/cmsis/samg/samg55/source/templates/gcc/startup_samg55.o
SystemCoreClock                                   src/ASF/sam/utils/cmsis/samg/samg55/source/templates/system_samg55.o
                                                  src/ASF/common/services/clock/samg/sysclk.o
SystemCoreClockUpdate                             src/ASF/sam/utils/cmsis/samg/samg55/source/templates/system_samg55.o
                                                  src/ASF/common/services/clock/samg/sysclk.o
SystemInit                                        src/ASF/sam/utils/cmsis/samg/samg55/source/templates/system_samg55.o
TC0_Handler                                       src/ASF/sam/utils/cmsis/samg/samg55/source/templates/gcc/startup_samg55.o
TC1_Handler                                       src/ASF/sam/utils/cmsis/samg/samg55/source/templates/gcc/startup_samg55.o
TC2_Handler                                       src/ASF/sam/utils/cmsis/samg/samg55/source/templates/gcc/startup_samg55.o
TC3_Handler                                       src/ASF/sam/utils/cmsis/samg/samg55/source/templates/gcc/startup_samg55.o
TC4_Handler                                       src/ASF/sam/utils/cmsis/samg/samg55/source/templates/gcc/startup_samg55.o
TC5_Handler                                       src/ASF/sam/utils/cmsis/samg/samg55/source/templates/gcc/startup_samg55.o
UDP_Handler                                       src/ASF/sam/utils/cmsis/samg/samg55/source/templates/gcc/startup_samg55.o
UHP_Handler                                       src/ASF/sam/utils/cmsis/samg/samg55/source/templates/gcc/startup_samg55.o
UsageFault_Handler                                src/ASF/sam/utils/cmsis/samg/samg55/source/templates/gcc/startup_samg55.o
WDT_Handler                                       src/ASF/sam/utils/cmsis/samg/samg55/source/templates/gcc/startup_samg55.o
_Jv_RegisterClasses                               c:/program files (x86)/atmel/studio/7.0/toolchain/arm/arm-gnu-toolchain/bin/../lib/gcc/arm-none-eabi/6.3.1/thumb/v7e-m/crtbegin.o
__atexit_recursive_mutex                          c:/program files (x86)/atmel/studio/7.0/toolchain/arm/arm-gnu-toolchain/bin/../lib/gcc/arm-none-eabi/6.3.1/../../../../arm-none-eabi/lib/thumb/v7e-m\libc.a(lib_a-__call_atexit.o)
                                                  c:/program files (x86)/atmel/studio/7.0/toolchain/arm/arm-gnu-toolchain/bin/../lib/gcc/arm-none-eabi/6.3.1/../../../../arm-none-eabi/lib/thumb/v7e-m\libc.a(lib_a-__atexit.o)
__bss_end__                                       c:/program files (x86)/atmel/studio/7.0/toolchain/arm/arm-gnu-toolchain/bin/../lib/gcc/arm-none-eabi/6.3.1/../../../../arm-none-eabi/lib/thumb/v7e-m/crt0.o
__bss_start__                                     c:/program files (x86)/atmel/studio/7.0/toolchain/arm/arm-gnu-toolchain/bin/../lib/gcc/arm-none-eabi/6.3.1/../../../../arm-none-eabi/lib/thumb/v7e-m/crt0.o
__call_exitprocs                                  c:/program files (x86)/atmel/studio/7.0/toolchain/arm/arm-gnu-toolchain/bin/../lib/gcc/arm-none-eabi/6.3.1/../../../../arm-none-eabi/lib/thumb/v7e-m\libc.a(lib_a-__call_atexit.o)
                                                  c:/program files (x86)/atmel/studio/7.0/toolchain/arm/arm-gnu-toolchain/bin/../lib/gcc/arm-none-eabi/6.3.1/../../../../arm-none-eabi/lib/thumb/v7e-m\libc.a(lib_a-exit.o)
__deregister_frame_info                           c:/program files (x86)/atmel/studio/7.0/toolchain/arm/arm-gnu-toolchain/bin/../lib/gcc/arm-none-eabi/6.3.1/thumb/v7e-m/crtbegin.o
__dso_handle                                      c:/program files (x86)/atmel/studio/7.0/toolchain/arm/arm-gnu-toolchain/bin/../lib/gcc/arm-none-eabi/6.3.1/thumb/v7e-m/crtbegin.o
__fini_array_end                                  c:/program files (x86)/atmel/studio/7.0/toolchain/arm/arm-gnu-toolchain/bin/../lib/gcc/arm-none-eabi/6.3.1/../../../../arm-none-eabi/lib/thumb/v7e-m\libc.a(lib_a-fini.o)
__fini_array_start                                c:/program files (x86)/atmel/studio/7.0/toolchain/arm/arm-gnu-toolchain/bin/../lib/gcc/arm-none-eabi/6.3.1/../../../../arm-none-eabi/lib/thumb/v7e-m\libc.a(lib_a-fini.o)
__init_array_end                                  c:/program files (x86)/atmel/studio/7.0/toolchain/arm/arm-gnu-toolchain/bin/../lib/gcc/arm-none-eabi/6.3.1/../../../../arm-none-eabi/lib/thumb/v7e-m\libc.a(lib_a-init.o)
__init_array_start                                c:/program files (x86)/atmel/studio/7.0/toolchain/arm/arm-gnu-toolchain/bin/../lib/gcc/arm-none-eabi/6.3.1/../../../../arm-none-eabi/lib/thumb/v7e-m\libc.a(lib_a-init.o)
__libc_fini                                       c:/program files (x86)/atmel/studio/7.0/toolchain/arm/arm-gnu-toolchain/bin/../lib/gcc/arm-none-eabi/6.3.1/../../../../arm-none-eabi/lib/thumb/v7e-m\libc.a(lib_a-__call_atexit.o)
__libc_fini_array                                 c:/program files (x86)/atmel/studio/7.0/toolchain/arm/arm-gnu-toolchain/bin/../lib/gcc/arm-none-eabi/6.3.1/../../../../arm-none-eabi/lib/thumb/v7e-m\libc.a(lib_a-fini.o)
                                                  c:/program files (x86)/atmel/studio/7.0/toolchain/arm/arm-gnu-toolchain/bin/../lib/gcc/arm-none-eabi/6.3.1/../../../../arm-none-eabi/lib/thumb/v7e-m\libc.a(lib_a-__call_atexit.o)
                                                  c:/program files (x86)/atmel/studio/7.0/toolchain/arm/arm-gnu-toolchain/bin/../lib/gcc/arm-none-eabi/6.3.1/../../../../arm-none-eabi/lib/thumb/v7e-m/crt0.o
__libc_init_array                                 c:/program files (x86)/atmel/studio/7.0/toolchain/arm/arm-gnu-toolchain/bin/../lib/gcc/arm-none-eabi/6.3.1/../../../../arm-none-eabi/lib/thumb/v7e-m\libc.a(lib_a-init.o)
                                                  src/ASF/sam/utils/cmsis/samg/samg55/source/templates/gcc/startup_samg55.o
                                                  c:/program files (x86)/atmel/studio/7.0/toolchain/arm/arm-gnu-toolchain/bin/../lib/gcc/arm-none-eabi/6.3.1/../../../../arm-none-eabi/lib/thumb/v7e-m/crt0.o
__lock___arc4random_mutex                         c:/program files (x86)/atmel/studio/7.0/toolchain/arm/arm-gnu-toolchain/bin/../lib/gcc/arm-none-eabi/6.3.1/../../../../arm-none-eabi/lib/thumb/v7e-m\libc.a(lib_a-lock.o)
__lock___at_quick_exit_mutex                      c:/program files (x86)/atmel/studio/7.0/toolchain/arm/arm-gnu-toolchain/bin/../lib/gcc/arm-none-eabi/6.3.1/../../../../arm-none-eabi/lib/thumb/v7e-m\libc.a(lib_a-lock.o)
__lock___atexit_recursive_mutex                   c:/program files (x86)/atmel/studio/7.0/toolchain/arm/arm-gnu-toolchain/bin/../lib/gcc/arm-none-eabi/6.3.1/../../../../arm-none-eabi/lib/thumb/v7e-m\libc.a(lib_a-lock.o)
                                                  c:/program files (x86)/atmel/studio/7.0/toolchain/arm/arm-gnu-toolchain/bin/../lib/gcc/arm-none-eabi/6.3.1/../../../../arm-none-eabi/lib/thumb/v7e-m\libc.a(lib_a-__call_atexit.o)
__lock___dd_hash_mutex                            c:/program files (x86)/atmel/studio/7.0/toolchain/arm/arm-gnu-toolchain/bin/../lib/gcc/arm-none-eabi/6.3.1/../../../../arm-none-eabi/lib/thumb/v7e-m\libc.a(lib_a-lock.o)
__lock___env_recursive_mutex                      c:/program files (x86)/atmel/studio/7.0/toolchain/arm/arm-gnu-toolchain/bin/../lib/gcc/arm-none-eabi/6.3.1/../../../../arm-none-eabi/lib/thumb/v7e-m\libc.a(lib_a-lock.o)
__lock___malloc_recursive_mutex                   c:/program files (x86)/atmel/studio/7.0/toolchain/arm/arm-gnu-toolchain/bin/../lib/gcc/arm-none-eabi/6.3.1/../../../../arm-none-eabi/lib/thumb/v7e-m\libc.a(lib_a-lock.o)
__lock___sfp_recursive_mutex                      c:/program files (x86)/atmel/studio/7.0/toolchain/arm/arm-gnu-toolchain/bin/../lib/gcc/arm-none-eabi/6.3.1/../../../../arm-none-eabi/lib/thumb/v7e-m\libc.a(lib_a-lock.o)
__lock___sinit_recursive_mutex                    c:/program files (x86)/atmel/studio/7.0/toolchain/arm/arm-gnu-toolchain/bin/../lib/gcc/arm-none-eabi/6.3.1/../../../../arm-none-eabi/lib/thumb/v7e-m\libc.a(lib_a-lock.o)
__lock___tz_mutex                                 c:/program files (x86)/atmel/studio/7.0/toolchain/arm/arm-gnu-toolchain/bin/../lib/gcc/arm-none-eabi/6.3.1/../../../../arm-none-eabi/lib/thumb/v7e-m\libc.a(lib_a-lock.o)
__preinit_array_end                               c:/program files (x86)/atmel/studio/7.0/toolchain/arm/arm-gnu-toolchain/bin/../lib/gcc/arm-none-eabi/6.3.1/../../../../arm-none-eabi/lib/thumb/v7e-m\libc.a(lib_a-init.o)
__preinit_array_start                             c:/program files (x86)/atmel/studio/7.0/toolchain/arm/arm-gnu-toolchain/bin/../lib/gcc/arm-none-eabi/6.3.1/../../../../arm-none-eabi/lib/thumb/v7e-m\libc.a(lib_a-init.o)
__ram_end__                                       src/ASF/sam/utils/syscalls/gcc/syscalls.o
__register_exitproc                               c:/program files (x86)/atmel/studio/7.0/toolchain/arm/arm-gnu-toolchain/bin/../lib/gcc/arm-none-eabi/6.3.1/../../../../arm-none-eabi/lib/thumb/v7e-m\libc.a(lib_a-__atexit.o)
                                                  c:/program files (x86)/atmel/studio/7.0/toolchain/arm/arm-gnu-toolchain/bin/../lib/gcc/arm-none-eabi/6.3.1/../../../../arm-none-eabi/lib/thumb/v7e-m\libc.a(lib_a-atexit.o)
__register_frame_info                             c:/program files (x86)/atmel/studio/7.0/toolchain/arm/arm-gnu-toolchain/bin/../lib/gcc/arm-none-eabi/6.3.1/thumb/v7e-m/crtbegin.o
__retarget_lock_acquire                           c:/program files (x86)/atmel/studio/7.0/toolchain/arm/arm-gnu-toolchain/bin/../lib/gcc/arm-none-eabi/6.3.1/../../../../arm-none-eabi/lib/thumb/v7e-m\libc.a(lib_a-lock.o)
__retarget_lock_acquire_recursive                 c:/program files (x86)/atmel/studio/7.0/toolchain/arm/arm-gnu-toolchain/bin/../lib/gcc/arm-none-eabi/6.3.1/../../../../arm-none-eabi/lib/thumb/v7e-m\libc.a(lib_a-lock.o)
                                                  c:/program files (x86)/atmel/studio/7.0/toolchain/arm/arm-gnu-toolchain/bin/../lib/gcc/arm-none-eabi/6.3.1/../../../../arm-none-eabi/lib/thumb/v7e-m\libc.a(lib_a-__atexit.o)
                                                  c:/program files (x86)/atmel/studio/7.0/toolchain/arm/arm-gnu-toolchain/bin/../lib/gcc/arm-none-eabi/6.3.1/../../../../arm-none-eabi/lib/thumb/v7e-m\libc.a(lib_a-__call_atexit.o)
__retarget_lock_close                             c:/program files (x86)/atmel/studio/7.0/toolchain/arm/arm-gnu-toolchain/bin/../lib/gcc/arm-none-eabi/6.3.1/../../../../arm-none-eabi/lib/thumb/v7e-m\libc.a(lib_a-lock.o)
__retarget_lock_close_recursive                   c:/program files (x86)/atmel/studio/7.0/toolchain/arm/arm-gnu-toolchain/bin/../lib/gcc/arm-none-eabi/6.3.1/../../../../arm-none-eabi/lib/thumb/v7e-m\libc.a(lib_a-lock.o)
__retarget_lock_init                              c:/program files (x86)/atmel/studio/7.0/toolchain/arm/arm-gnu-toolchain/bin/../lib/gcc/arm-none-eabi/6.3.1/../../../../arm-none-eabi/lib/thumb/v7e-m\libc.a(lib_a-lock.o)
__retarget_lock_init_recursive                    c:/program files (x86)/atmel/studio/7.0/toolchain/arm/arm-gnu-toolchain/bin/../lib/gcc/arm-none-eabi/6.3.1/../../../../arm-none-eabi/lib/thumb/v7e-m\libc.a(lib_a-lock.o)
__retarget_lock_release                           c:/program files (x86)/atmel/studio/7.0/toolchain/arm/arm-gnu-toolchain/bin/../lib/gcc/arm-none-eabi/6.3.1/../../../../arm-none-eabi/lib/thumb/v7e-m\libc.a(lib_a-lock.o)
__retarget_lock_release_recursive                 c:/program files (x86)/atmel/studio/7.0/toolchain/arm/arm-gnu-toolchain/bin/../lib/gcc/arm-none-eabi/6.3.1/../../../../arm-none-eabi/lib/thumb/v7e-m\libc.a(lib_a-lock.o)
                                                  c:/program files (x86)/atmel/studio/7.0/toolchain/arm/arm-gnu-toolchain/bin/../lib/gcc/arm-none-eabi/6.3.1/../../../../arm-none-eabi/lib/thumb/v7e-m\libc.a(lib_a-__atexit.o)
                                                  c:/program files (x86)/atmel/studio/7.0/toolchain/arm/arm-gnu-toolchain/bin/../lib/gcc/arm-none-eabi/6.3.1/../../../../arm-none-eabi/lib/thumb/v7e-m\libc.a(lib_a-__call_atexit.o)
__retarget_lock_try_acquire                       c:/program files (x86)/atmel/studio/7.0/toolchain/arm/arm-gnu-toolchain/bin/../lib/gcc/arm-none-eabi/6.3.1/../../../../arm-none-eabi/lib/thumb/v7e-m\libc.a(lib_a-lock.o)
__retarget_lock_try_acquire_recursive             c:/program files (x86)/atmel/studio/7.0/toolchain/arm/arm-gnu-toolchain/bin/../lib/gcc/arm-none-eabi/6.3.1/../../../../arm-none-eabi/lib/thumb/v7e-m\libc.a(lib_a-lock.o)
__stack                                           c:/program files (x86)/atmel/studio/7.0/toolchain/arm/arm-gnu-toolchain/bin/../lib/gcc/arm-none-eabi/6.3.1/../../../../arm-none-eabi/lib/thumb/v7e-m/crt0.o
_close                                            src/ASF/sam/utils/syscalls/gcc/syscalls.o
_end                                              src/ASF/sam/utils/syscalls/gcc/syscalls.o
_erelocate                                        src/ASF/sam/utils/cmsis/samg/samg55/source/templates/gcc/startup_samg55.o
_estack                                           src/ASF/sam/utils/cmsis/samg/samg55/source/templates/gcc/startup_samg55.o
_etext                                            src/ASF/sam/utils/cmsis/samg/samg55/source/templates/gcc/startup_samg55.o
_exit                                             src/ASF/sam/utils/syscalls/gcc/syscalls.o
                                                  c:/program files (x86)/atmel/studio/7.0/toolchain/arm/arm-gnu-toolchain/bin/../lib/gcc/arm-none-eabi/6.3.1/../../../../arm-none-eabi/lib/thumb/v7e-m\libc.a(lib_a-exit.o)
_ezero                                            src/ASF/sam/utils/cmsis/samg/samg55/source/templates/gcc/startup_samg55.o
_fini                                             c:/program files (x86)/atmel/studio/7.0/toolchain/arm/arm-gnu-toolchain/bin/../lib/gcc/arm-none-eabi/6.3.1/thumb/v7e-m/crti.o
                                                  c:/program files (x86)/atmel/studio/7.0/toolchain/arm/arm-gnu-toolchain/bin/../lib/gcc/arm-none-eabi/6.3.1/../../../../arm-none-eabi/lib/thumb/v7e-m\libc.a(lib_a-fini.o)
_fstat                                            src/ASF/sam/utils/syscalls/gcc/syscalls.o
_getpid                                           src/ASF/sam/utils/syscalls/gcc/syscalls.o
_global_impure_ptr                                c:/program files (x86)/atmel/studio/7.0/toolchain/arm/arm-gnu-toolchain/bin/../lib/gcc/arm-none-eabi/6.3.1/../../../../arm-none-eabi/lib/thumb/v7e-m\libc.a(lib_a-impure.o)
                                                  c:/program files (x86)/atmel/studio/7.0/toolchain/arm/arm-gnu-toolchain/bin/../lib/gcc/arm-none-eabi/6.3.1/../../../../arm-none-eabi/lib/thumb/v7e-m\libc.a(lib_a-__atexit.o)
                                                  c:/program files (x86)/atmel/studio/7.0/toolchain/arm/arm-gnu-toolchain/bin/../lib/gcc/arm-none-eabi/6.3.1/../../../../arm-none-eabi/lib/thumb/v7e-m\libc.a(lib_a-__call_atexit.o)
                                                  c:/program files (x86)/atmel/studio/7.0/toolchain/arm/arm-gnu-toolchain/bin/../lib/gcc/arm-none-eabi/6.3.1/../../../../arm-none-eabi/lib/thumb/v7e-m\libc.a(lib_a-exit.o)
_impure_ptr                                       c:/program files (x86)/atmel/studio/7.0/toolchain/arm/arm-gnu-toolchain/bin/../lib/gcc/arm-none-eabi/6.3.1/../../../../arm-none-eabi/lib/thumb/v7e-m\libc.a(lib_a-impure.o)
_init                                             c:/program files (x86)/atmel/studio/7.0/toolchain/arm/arm-gnu-toolchain/bin/../lib/gcc/arm-none-eabi/6.3.1/thumb/v7e-m/crti.o
                                                  c:/program files (x86)/atmel/studio/7.0/toolchain/arm/arm-gnu-toolchain/bin/../lib/gcc/arm-none-eabi/6.3.1/../../../../arm-none-eabi/lib/thumb/v7e-m\libc.a(lib_a-init.o)
_isatty                                           src/ASF/sam/utils/syscalls/gcc/syscalls.o
_kill                                             src/ASF/sam/utils/syscalls/gcc/syscalls.o
_lseek                                            src/ASF/sam/utils/syscalls/gcc/syscalls.o
_mainCRTStartup                                   c:/program files (x86)/atmel/studio/7.0/toolchain/arm/arm-gnu-toolchain/bin/../lib/gcc/arm-none-eabi/6.3.1/../../../../arm-none-eabi/lib/thumb/v7e-m/crt0.o
_sbrk                                             src/ASF/sam/utils/syscalls/gcc/syscalls.o
_sfixed                                           src/ASF/sam/utils/cmsis/samg/samg55/source/templates/gcc/startup_samg55.o
_srelocate                                        src/ASF/sam/utils/cmsis/samg/samg55/source/templates/gcc/startup_samg55.o
_start                                            c:/program files (x86)/atmel/studio/7.0/toolchain/arm/arm-gnu-toolchain/bin/../lib/gcc/arm-none-eabi/6.3.1/../../../../arm-none-eabi/lib/thumb/v7e-m/crt0.o
_szero                                            src/ASF/sam/utils/cmsis/samg/samg55/source/templates/gcc/startup_samg55.o
atexit                                            c:/program files (x86)/atmel/studio/7.0/toolchain/arm/arm-gnu-toolchain/bin/../lib/gcc/arm-none-eabi/6.3.1/../../../../arm-none-eabi/lib/thumb/v7e-m\libc.a(lib_a-atexit.o)
                                                  c:/program files (x86)/atmel/studio/7.0/toolchain/arm/arm-gnu-toolchain/bin/../lib/gcc/arm-none-eabi/6.3.1/../../../../arm-none-eabi/lib/thumb/v7e-m\libc.a(lib_a-__call_atexit.o)
                                                  c:/program files (x86)/atmel/studio/7.0/toolchain/arm/arm-gnu-toolchain/bin/../lib/gcc/arm-none-eabi/6.3.1/../../../../arm-none-eabi/lib/thumb/v7e-m/crt0.o
board_init                                        src/ASF/sam/boards/samg55_xplained_pro/board_init.o
                                                  src/main.o
cpu_irq_enter_critical                            src/ASF/common/utils/interrupt/interrupt_sam_nvic.o
cpu_irq_leave_critical                            src/ASF/common/utils/interrupt/interrupt_sam_nvic.o
efc_disable_cloe                                  src/ASF/sam/drivers/efc/efc.o
efc_disable_frdy_interrupt                        src/ASF/sam/drivers/efc/efc.o
efc_enable_cloe                                   src/ASF/sam/drivers/efc/efc.o
efc_enable_frdy_interrupt                         src/ASF/sam/drivers/efc/efc.o
efc_get_flash_access_mode                         src/ASF/sam/drivers/efc/efc.o
efc_get_result                                    src/ASF/sam/drivers/efc/efc.o
efc_get_status                                    src/ASF/sam/drivers/efc/efc.o
efc_get_wait_state                                src/ASF/sam/drivers/efc/efc.o
efc_init                                          src/ASF/sam/drivers/efc/efc.o
efc_perform_command                               src/ASF/sam/drivers/efc/efc.o
efc_perform_fcr                                   src/ASF/sam/drivers/efc/efc.o
efc_perform_read_sequence                         src/ASF/sam/drivers/efc/efc.o
                                                  src/ASF/common/services/clock/samg/sysclk.o
efc_set_flash_access_mode                         src/ASF/sam/drivers/efc/efc.o
efc_set_wait_state                                src/ASF/sam/drivers/efc/efc.o
efc_write_fmr                                     src/ASF/sam/drivers/efc/efc.o
exception_table                                   src/ASF/sam/utils/cmsis/samg/samg55/source/templates/gcc/startup_samg55.o
exit                                              c:/program files (x86)/atmel/studio/7.0/toolchain/arm/arm-gnu-toolchain/bin/../lib/gcc/arm-none-eabi/6.3.1/../../../../arm-none-eabi/lib/thumb/v7e-m\libc.a(lib_a-exit.o)
                                                  c:/program files (x86)/atmel/studio/7.0/toolchain/arm/arm-gnu-toolchain/bin/../lib/gcc/arm-none-eabi/6.3.1/../../../../arm-none-eabi/lib/thumb/v7e-m/crt0.o
free                                              c:/program files (x86)/atmel/studio/7.0/toolchain/arm/arm-gnu-toolchain/bin/../lib/gcc/arm-none-eabi/6.3.1/../../../../arm-none-eabi/lib/thumb/v7e-m\libc.a(lib_a-__call_atexit.o)
g_interrupt_enabled                               src/ASF/common/utils/interrupt/interrupt_sam_nvic.o
                                                  src/ASF/sam/utils/cmsis/samg/samg55/source/templates/gcc/startup_samg55.o
                                                  src/ASF/sam/drivers/pmc/sleep.o
                                                  src/ASF/sam/drivers/efc/efc.o
hardware_init_hook                                c:/program files (x86)/atmel/studio/7.0/toolchain/arm/arm-gnu-toolchain/bin/../lib/gcc/arm-none-eabi/6.3.1/../../../../arm-none-eabi/lib/thumb/v7e-m/crt0.o
link                                              src/ASF/sam/utils/syscalls/gcc/syscalls.o
main                                              src/main.o
                                                  src/ASF/sam/utils/cmsis/samg/samg55/source/templates/gcc/startup_samg55.o
                                                  c:/program files (x86)/atmel/studio/7.0/toolchain/arm/arm-gnu-toolchain/bin/../lib/gcc/arm-none-eabi/6.3.1/../../../../arm-none-eabi/lib/thumb/v7e-m/crt0.o
malloc                                            c:/program files (x86)/atmel/studio/7.0/toolchain/arm/arm-gnu-toolchain/bin/../lib/gcc/arm-none-eabi/6.3.1/../../../../arm-none-eabi/lib/thumb/v7e-m\libc.a(lib_a-__atexit.o)
memset                                            c:/program files (x86)/atmel/studio/7.0/toolchain/arm/arm-gnu-toolchain/bin/../lib/gcc/arm-none-eabi/6.3.1/../../../../arm-none-eabi/lib/thumb/v7e-m\libc.a(lib_a-memset.o)
                                                  c:/program files (x86)/atmel/studio/7.0/toolchain/arm/arm-gnu-toolchain/bin/../lib/gcc/arm-none-eabi/6.3.1/../../../../arm-none-eabi/lib/thumb/v7e-m/crt0.o
pmc_clr_fast_startup_input                        src/ASF/sam/drivers/pmc/pmc.o
pmc_disable_all_pck                               src/ASF/sam/drivers/pmc/pmc.o
pmc_disable_all_periph_clk                        src/ASF/sam/drivers/pmc/pmc.o
pmc_disable_clock_failure_detector                src/ASF/sam/drivers/pmc/pmc.o
pmc_disable_interrupt                             src/ASF/sam/drivers/pmc/pmc.o
pmc_disable_pck                                   src/ASF/sam/drivers/pmc/pmc.o
pmc_disable_periph_clk                            src/ASF/sam/drivers/pmc/pmc.o
pmc_disable_pllack                                src/ASF/sam/drivers/pmc/pmc.o
                                                  src/ASF/sam/drivers/pmc/sleep.o
                                                  src/ASF/common/services/clock/samg/sysclk.o
pmc_disable_pllbck                                src/ASF/sam/drivers/pmc/pmc.o
pmc_disable_sleepwalking                          src/ASF/sam/drivers/pmc/pmc.o
pmc_disable_udpck                                 src/ASF/sam/drivers/pmc/pmc.o
pmc_enable_all_pck                                src/ASF/sam/drivers/pmc/pmc.o
pmc_enable_all_periph_clk                         src/ASF/sam/drivers/pmc/pmc.o
pmc_enable_backupmode                             src/ASF/sam/drivers/pmc/pmc.o
pmc_enable_clock_failure_detector                 src/ASF/sam/drivers/pmc/pmc.o
pmc_enable_interrupt                              src/ASF/sam/drivers/pmc/pmc.o
pmc_enable_pck                                    src/ASF/sam/drivers/pmc/pmc.o
pmc_enable_periph_clk                             src/ASF/sam/drivers/pmc/pmc.o
                                                  src/main.o
                                                  src/ASF/sam/boards/samg55_xplained_pro/board_init.o
pmc_enable_pllack                                 src/ASF/sam/drivers/pmc/pmc.o
pmc_enable_pllbck                                 src/ASF/sam/drivers/pmc/pmc.o
pmc_enable_sleepmode                              src/ASF/sam/drivers/pmc/pmc.o
pmc_enable_sleepwalking                           src/ASF/sam/drivers/pmc/pmc.o
pmc_enable_udpck                                  src/ASF/sam/drivers/pmc/pmc.o
pmc_enable_uhpck                                  src/ASF/sam/drivers/pmc/pmc.o
pmc_enable_waitmode                               src/ASF/sam/drivers/pmc/pmc.o
                                                  src/ASF/sam/drivers/pmc/sleep.o
pmc_get_active_status0                            src/ASF/sam/drivers/pmc/pmc.o
pmc_get_interrupt_mask                            src/ASF/sam/drivers/pmc/pmc.o
pmc_get_sleepwalking_status0                      src/ASF/sam/drivers/pmc/pmc.o
pmc_get_status                                    src/ASF/sam/drivers/pmc/pmc.o
pmc_get_writeprotect_status                       src/ASF/sam/drivers/pmc/pmc.o
pmc_is_locked_pllack                              src/ASF/sam/drivers/pmc/pmc.o
                                                  src/ASF/common/services/clock/samg/sysclk.o
pmc_is_locked_pllbck                              src/ASF/sam/drivers/pmc/pmc.o
pmc_is_pck_enabled                                src/ASF/sam/drivers/pmc/pmc.o
pmc_is_periph_clk_enabled                         src/ASF/sam/drivers/pmc/pmc.o
pmc_is_wakeup_clocks_restored                     src/ASF/sam/drivers/pmc/sleep.o
pmc_mainck_osc_select                             src/ASF/sam/drivers/pmc/pmc.o
pmc_mck_set_prescaler                             src/ASF/sam/drivers/pmc/pmc.o
                                                  src/ASF/common/services/clock/samg/sysclk.o
pmc_mck_set_source                                src/ASF/sam/drivers/pmc/pmc.o
                                                  src/ASF/common/services/clock/samg/sysclk.o
pmc_osc_bypass_main_xtal                          src/ASF/sam/drivers/pmc/pmc.o
pmc_osc_disable_fastrc                            src/ASF/sam/drivers/pmc/pmc.o
pmc_osc_disable_main_xtal                         src/ASF/sam/drivers/pmc/pmc.o
pmc_osc_disable_xtal                              src/ASF/sam/drivers/pmc/pmc.o
pmc_osc_enable_fastrc                             src/ASF/sam/drivers/pmc/pmc.o
pmc_osc_enable_main_xtal                          src/ASF/sam/drivers/pmc/pmc.o
pmc_osc_is_bypassed_main_xtal                     src/ASF/sam/drivers/pmc/pmc.o
pmc_osc_is_ready_32kxtal                          src/ASF/sam/drivers/pmc/pmc.o
                                                  src/ASF/common/services/clock/samg/sysclk.o
pmc_osc_is_ready_fastrc                           src/ASF/sam/drivers/pmc/pmc.o
pmc_osc_is_ready_main_xtal                        src/ASF/sam/drivers/pmc/pmc.o
pmc_osc_is_ready_mainck                           src/ASF/sam/drivers/pmc/pmc.o
pmc_pck_set_prescaler                             src/ASF/sam/drivers/pmc/pmc.o
pmc_pck_set_source                                src/ASF/sam/drivers/pmc/pmc.o
pmc_set_fast_startup_input                        src/ASF/sam/drivers/pmc/pmc.o
pmc_set_flash_in_wait_mode                        src/ASF/sam/drivers/pmc/pmc.o
                                                  src/ASF/sam/drivers/pmc/sleep.o
pmc_set_writeprotect                              src/ASF/sam/drivers/pmc/pmc.o
pmc_sleep                                         src/ASF/sam/drivers/pmc/sleep.o
pmc_switch_mainck_to_fastrc                       src/ASF/sam/drivers/pmc/pmc.o
pmc_switch_mainck_to_xtal                         src/ASF/sam/drivers/pmc/pmc.o
pmc_switch_mck_to_mainck                          src/ASF/sam/drivers/pmc/pmc.o
pmc_switch_mck_to_pllack                          src/ASF/sam/drivers/pmc/pmc.o
                                                  src/ASF/common/services/clock/samg/sysclk.o
pmc_switch_mck_to_pllbck                          src/ASF/sam/drivers/pmc/pmc.o
pmc_switch_mck_to_sclk                            src/ASF/sam/drivers/pmc/pmc.o
pmc_switch_pck_to_mainck                          src/ASF/sam/drivers/pmc/pmc.o
pmc_switch_pck_to_mck                             src/ASF/sam/drivers/pmc/pmc.o
pmc_switch_pck_to_pllack                          src/ASF/sam/drivers/pmc/pmc.o
pmc_switch_pck_to_pllbck                          src/ASF/sam/drivers/pmc/pmc.o
pmc_switch_pck_to_sclk                            src/ASF/sam/drivers/pmc/pmc.o
pmc_switch_sclk_to_32kxtal                        src/ASF/sam/drivers/pmc/pmc.o
                                                  src/ASF/common/services/clock/samg/sysclk.o
pmc_switch_udpck_to_pllack                        src/ASF/sam/drivers/pmc/pmc.o
pmc_switch_udpck_to_pllbck                        src/ASF/sam/drivers/pmc/pmc.o
pmc_switch_uhpck_to_pllack                        src/ASF/sam/drivers/pmc/pmc.o
pmc_switch_uhpck_to_pllbck                        src/ASF/sam/drivers/pmc/pmc.o
pmc_wait_wakeup_clocks_restore                    src/ASF/sam/drivers/pmc/sleep.o
portable_delay_cycles                             src/ASF/common/services/delay/sam/cycle_counter.o
software_init_hook                                c:/program files (x86)/atmel/studio/7.0/toolchain/arm/arm-gnu-toolchain/bin/../lib/gcc/arm-none-eabi/6.3.1/../../../../arm-none-eabi/lib/thumb/v7e-m/crt0.o
supc_disable_brownout_detector                    src/ASF/sam/drivers/supc/supc.o
supc_disable_brownout_reset                       src/ASF/sam/drivers/supc/supc.o
supc_disable_monitor_interrupt                    src/ASF/sam/drivers/supc/supc.o
supc_disable_monitor_reset                        src/ASF/sam/drivers/supc/supc.o
supc_enable_brownout_detector                     src/ASF/sam/drivers/supc/supc.o
supc_enable_brownout_reset                        src/ASF/sam/drivers/supc/supc.o
supc_enable_monitor_interrupt                     src/ASF/sam/drivers/supc/supc.o
supc_enable_monitor_reset                         src/ASF/sam/drivers/supc/supc.o
supc_get_status                                   src/ASF/sam/drivers/supc/supc.o
supc_set_monitor_sampling_period                  src/ASF/sam/drivers/supc/supc.o
supc_set_monitor_threshold                        src/ASF/sam/drivers/supc/supc.o
supc_set_regulator_trim_factory                   src/ASF/sam/drivers/supc/supc.o
supc_set_regulator_trim_user                      src/ASF/sam/drivers/supc/supc.o
                                                  src/ASF/common/services/clock/samg/sysclk.o
supc_set_wakeup_inputs                            src/ASF/sam/drivers/supc/supc.o
supc_set_wakeup_mode                              src/ASF/sam/drivers/supc/supc.o
supc_switch_sclk_to_32kxtal                       src/ASF/sam/drivers/supc/supc.o
sysclk_init                                       src/ASF/common/services/clock/samg/sysclk.o
                                                  src/main.o
sysclk_set_prescalers                             src/ASF/common/services/clock/samg/sysclk.o
sysclk_set_source                                 src/ASF/common/services/clock/samg/sysclk.o
system_board_init                                 src/ASF/sam/boards/samg55_xplained_pro/board_init.o
system_init_flash                                 src/ASF/sam/utils/cmsis/samg/samg55/source/templates/system_samg55.o
                                                  src/ASF/common/services/clock/samg/sysclk.o
